{
	"blocks": [
		{
			"header": {
				"seq": 111,
				"block_hash": "fa484200dae7b744c024da2bd376f26af557e974ac701fe8e27dc25cca288d70",
				"previous_block_hash": "131783cb4a7373abf6f617f73dde0788f5fc90ace625cc93d82be6b7c3465bec",
				"timestamp": 1520501895,
				"fee": 377978,
				"version": 0,
				"tx_body_hash": "5e7f3505865b69aff361594e2e0760cbabce08f97b0afaf122457d9e470846b1"
			},
			"body": {
				"txns": [
					{
						"length": 220,
						"type": 0,
						"txid": "5e7f3505865b69aff361594e2e0760cbabce08f97b0afaf122457d9e470846b1",
						"inner_hash": "7cc9124f8816630ebe4800d9f2d3237675fd29492b9e3c32ab2fdace328db0b2",
						"sigs": [
							"24799e66ee39ae796e3dcb41aa04bce1fddb458b6889e71a1950ec5dd57aeff26b2498274e18eee6aded838fc1560feab2837012aefeb314fd9b442fa6b1f47c01"
						],
						"inputs": [
							"369a8c4e05d11a2836ebabbd1bfb005a83b3345712234775edc31e3a18eb853e"
						],
						"outputs": [
							{
								"uxid": "56b3c85ff6d968bf8ef514e4ce8795dda2f3de8628ad84f35a0ddbb0fe2b0f9c",
								"dst": "LzBBkw5U5BrtcqkAz4x9wHNN1GteJUL1Hi",
								"coins": "7.667000",
								"hours": 188989
							},
							{
								"uxid": "ccb5503249261beec85e7b64c649608d935c17d92e1cb5848984af68c1cbfc46",
								"dst": "CDLrMvPcmpdido8cbSFNNgzQXdC97TsgEQ",
								"coins": "85.000000",
								"hours": 188988
							}
						]
					}
				]
			},
			"size": 220
		},
		{
			"header": {
				"seq": 112,
				"block_hash": "ae21171f1f8c24ba61e7c845ab8d6dac7f086581ad120f62765e9f87f93dac85",
				"previous_block_hash": "fa484200dae7b744c024da2bd376f26af557e974ac701fe8e27dc25cca288d70",
				"timestamp": 1520521315,
				"fee": 378126,
				"version": 0,
				"tx_body_hash": "d1a61e15ca5d7b8f230501e565245b4d82dcab6bfbc8eee2ec6a99cc03679977"
			},
			"body": {
				"txns": [
					{
						"length": 220,
						"type": 0,
						"txid": "d1a61e15ca5d7b8f230501e565245b4d82dcab6bfbc8eee2ec6a99cc03679977",
						"inner_hash": "3840771dfd42d9947650ac0cea544991b3b388c745654297e16a1c91b490cea9",
						"sigs": [
							"5eeb25f01b322bca4cdd631eb1f2e9eae973b5ca126f145c55b9c013dd24af9670533610961ec05c0e0ef7b7c9444ef3d1348014784d92f2420fadbcda54e87c00"
						],
						"inputs": [
							"00e65cd39948be07205ca6ea10ef32dbe13b1767d6ab4ecc45ae883e508c3caf"
						],
						"outputs": [
							{
								"uxid": "a276b7ef954297da431f7f4677c5d7b56f655c4125b5b22b253e105d74cc8007",
								"dst": "2gEv7WtQEfqf6Br5qSWTLKvPw4Q5AsfcEe8",
								"coins": "1.000000",
								"hours": 1
							},
							{
								"uxid": "61956f798d01dc0bddd3f229bb11c03fc99a3c44e7f77e94713f2b7117bb3911",
								"dst": "6bCydnmFtHpZSL88McsynH3kNPDdaNxQpY",
								"coins": "2.000000",
								"hours": 378125
							}
						]
					}
				]
			},
			"size": 220
		}
	]
}
