{
	"header": {
		"seq": 0,
		"block_hash": "0551a1e5af999fe8fff529f6f2ab341e1e33db95135eef1b2be44fe6981349f3",
		"previous_block_hash": "0000000000000000000000000000000000000000000000000000000000000000",
		"timestamp": 1426562704,
		"fee": 0,
		"version": 0,
		"tx_body_hash": "d556c1c7abf1e86138316b8c17183665512dc67633c04cf236a8b7f332cb4add"
		"seq": 1,
		"block_hash": "4580013fd2acf5eef12b23375d7d2285bb4a698297d66848f6adabf2b3dc79df",
		"previous_block_hash": "7f3aed1b7b5a08620f5f6e6e06994236f30a8bcefa967517f851a7c5692bfa03",
		"timestamp": 1516866501,
		"fee": 999999999999900,
		"version": 0,
		"tx_body_hash": "8b2b69ab2c7d6a8a9038f7516fd466814c1b6025f4ddfa2209f3f450934c045e"
	},
	"body": {
		"txns": [
			{
				"length": 0,
				"type": 0,
				"txid": "d556c1c7abf1e86138316b8c17183665512dc67633c04cf236a8b7f332cb4add",
				"inner_hash": "0000000000000000000000000000000000000000000000000000000000000000",
				"sigs": [],
				"inputs": [],
				"outputs": [
					{
						"uxid": "043836eb6f29aaeb8b9bfce847e07c159c72b25ae17d291f32125e7f1912e2a0",
						"dst": "2jBbGxZRGoQG1mqhPBnXnLTxK6oxsTf8os6",
						"coins": "100000000.000000",
						"hours": 100000000000000
					}
				]
			}
		]
	},
	"size": 86
}
