[
	"208.110.84.122:7800",
	"64.34.218.31:7800",
	"69.90.132.231:7800",
	"76.74.178.136:7800"
]
