{
	"richlist": [
		{
			"address": "CDLrMvPcmpdido8cbSFNNgzQXdC97TsgEQ",
			"coins": "85.003000",
			"locked": false
		},
		{
			"address": "LzBBkw5U5BrtcqkAz4x9wHNN1GteJUL1Hi",
			"coins": "9.768000",
			"locked": false
		},
		{
			"address": "2Dc7kXtwBLr8GL4TSZKFCJM3xqEwnqH6m67",
			"coins": "3.330000",
			"locked": false
		},
		{
			"address": "6bCydnmFtHpZSL88McsynH3kNPDdaNxQpY",
			"coins": "0.900000",
			"locked": false
		},
		{
			"address": "2RnBYRBLmZGys3N4nLDbRgHKDuFHxwa58Sf",
			"coins": "0.880000",
			"locked": false
		},
		{
			"address": "yBRshTxPszDHB88e9Kg4iLXaefeMMtyeEz",
			"coins": "0.100000",
			"locked": false
		},
		{
			"address": "4BqeT2FnbL6Ui7V7z7yMvsvNeJQ6h8HdQR",
			"coins": "0.010000",
			"locked": false
		},
		{
			"address": "27A6NxDMcW7gpaWKghuWxbFcbNBmxevM9Q",
			"coins": "0.008000",
			"locked": false
		}
	]
}
