{
	"uxid": "21fe34061dfc4a8c7d28f6804f9a04440eb5e01c670abad6d36dfcf0e2b17984",
	"time": 1516848705,
	"src_block_seq": 0,
	"src_tx": "0000000000000000000000000000000000000000000000000000000000000000",
	"owner_address": "zVebXKCqbtGJMnEoGdFkewvUN5KMryrRTc",
	"coins": 1000000000000000,
	"hours": 1000000000000000,
	"spent_block_seq": 1,
	"spent_tx": "8b2b69ab2c7d6a8a9038f7516fd466814c1b6025f4ddfa2209f3f450934c045e"
}