{
	"blocks": [
		{
			"header": {
				"seq": 116,
				"block_hash": "06e1f3cd685d4bff898ea2a366ac5ed0a268d93baf910c2abc0c94fae313724d",
				"previous_block_hash": "dd9d70690fa541fc6f0133892fbfb1bf92866aa09692cd1007df6eb94a620632",
				"timestamp": 1520523705,
				"fee": 94531,
				"version": 0,
				"tx_body_hash": "a1f88a288f70ee008a99d28bc64b1f461c0b6454b04f058120521391e4c58cf0"
			},
			"body": {
				"txns": [
					{
						"length": 220,
						"type": 0,
						"txid": "a1f88a288f70ee008a99d28bc64b1f461c0b6454b04f058120521391e4c58cf0",
						"inner_hash": "f2e5e3e1fc1154e69a5ed1c4cad5d94e722fc191cfa807c89ec40b183fddc4f8",
						"sigs": [
							"f1e6ce8b153d004225a52f44d63a194b368f874d20d34941a093c09273488f134a1df1cfadd320834a9dc86d9696145340c0cc37209c876e21c657822ca988df00"
						],
						"inputs": [
							"a2b226154b98fdc19c0aaabad05e16d2f17c345adfca19563629aa72883913b2"
						],
						"outputs": [
							{
								"uxid": "b150140e7ba6976d5497213fb626d6a4617c886eade0af3f8a8eadc7de7bd7f3",
								"dst": "yBRshTxPszDHB88e9Kg4iLXaefeMMtyeEz",
								"coins": "0.100000",
								"hours": 1
							},
							{
								"uxid": "f1ed6d2e94164a5acfc5271b1cb0bf1108f3aedd39a1e62dbd757de3f156829f",
								"dst": "6bCydnmFtHpZSL88McsynH3kNPDdaNxQpY",
								"coins": "0.900000",
								"hours": 94529
							}
						]
					}
				]
			},
			"size": 220
		},
		{
			"header": {
				"seq": 117,
				"block_hash": "1d98a066f11b6af0de14cce8925144fad64a105e5ccd737df2a7eeaaac1a6b9c",
				"previous_block_hash": "06e1f3cd685d4bff898ea2a366ac5ed0a268d93baf910c2abc0c94fae313724d",
				"timestamp": 1520605905,
				"fee": 94751,
				"version": 0,
				"tx_body_hash": "7fedede25290bd0663219c5783f3991cd4b23d7f1475b557632586ccd87c4969"
			},
			"body": {
				"txns": [
					{
						"length": 220,
						"type": 0,
						"txid": "7fedede25290bd0663219c5783f3991cd4b23d7f1475b557632586ccd87c4969",
						"inner_hash": "5e35c88c4459d44212b3b99a15212d2e36df7c4a5516ea2e52b03e13ab676e97",
						"sigs": [
							"fe2148a35252355d308176a0f829c525a7e6260269ac97df1d4a96752f38d4c302a55cdfcf818a8fb8027416b705ef9af7b2d05b8f842b36f116d64cb9a6c45a00"
						],
						"inputs": [
							"ccb5503249261beec85e7b64c649608d935c17d92e1cb5848984af68c1cbfc46"
						],
						"outputs": [
							{
								"uxid": "ec0743c28668c1d434ccf19874987e0016075021ebcbe55b2311f2a599529771",
								"dst": "CDLrMvPcmpdido8cbSFNNgzQXdC97TsgEQ",
								"coins": "81.670000",
								"hours": 47376
							},
							{
								"uxid": "fbca31395b10adbce191db71e925b7d7dd8ca09c266f4c3bbfe5158bc21ce047",
								"dst": "2Dc7kXtwBLr8GL4TSZKFCJM3xqEwnqH6m67",
								"coins": "3.330000",
								"hours": 47375
							}
						]
					}
				]
			},
			"size": 220
		}
	]
}
