{
	"outputs": {
		"head_outputs": [
			{
				"hash": "a64424fafd16a1bbee42c006ad30bec4866c64581726dec53d94021745f3e1e8",
				"time": 1518547525,
				"block_seq": 10,
				"src_tx": "44e585d494c29f9a758ea40e0de80e5c8ca447faa49174ed98f630fa5148fed9",
				"address": "2LUgXJK78VB7tcARHQAMeXsZTba9mzant2k",
				"coins": "10000000.000000",
				"hours": 2334686111,
				"calculated_hours": 8052408333
			},
			{
				"hash": "59bf04bd5ee0c3a569a004e4892d92d63e2a500397037e94c036b830923c310c",
				"time": 1518547435,
				"block_seq": 8,
				"src_tx": "8e1b944996bc96fedd73c25efdeb7545ceff6bdd42b45c91f9e0f0f10e28bb66",
				"address": "CdQ2SXuuZ6oNvivX1GpWoZcjne61wGFUaV",
				"coins": "10000000.000000",
				"hours": 2334505556,
				"calculated_hours": 8052477778
			}
		],
		"outgoing_outputs": [],
		"incoming_outputs": []
	}
}
