{
	"outputs": {
		"head_outputs": [
			{
				"hash": "ec0743c28668c1d434ccf19874987e0016075021ebcbe55b2311f2a599529771",
				"time": 1520605905,
				"block_seq": 117,
				"src_tx": "7fedede25290bd0663219c5783f3991cd4b23d7f1475b557632586ccd87c4969",
				"address": "CDLrMvPcmpdido8cbSFNNgzQXdC97TsgEQ",
				"coins": "81.670000",
				"hours": 47376,
				"calculated_hours": 47376
			},
			{
				"hash": "d3cc0d22eca6cbc10cdf0400bc5aad9db7b289e03485a21794c44d75d73581ad",
				"time": 1519993775,
				"block_seq": 109,
				"src_tx": "a14bbc57cdb135b0015ce5e668f5a86f60a1e3293d18ebb6fb183aeb6cd46114",
				"address": "CDLrMvPcmpdido8cbSFNNgzQXdC97TsgEQ",
				"coins": "3.333000",
				"hours": 3023819,
				"calculated_hours": 3024385
			}
		],
		"outgoing_outputs": [],
		"incoming_outputs": []
	}
}
