{
	"addresses": [
		"2Kg3eRXUhY6hrDZvNGB99DKahtrPDQ1W9vN",
		"7g3M372kxwNwwQEAmrronu4anXTW8aD1XC",
		"2EDapDfn1VC6P2hx4nTH2cRUkboGAE16evV",
		"hLLcizfJomBKJrUeHrHTWKZMNdqwb69WVb"
	]
}
